[backblue.gif]
[fade.gif]
[index.html]
[cash-clone.vercel.app/index.html]
[cash-clone.vercel.app/authentication.html]
[cdnjs.cloudflare.com/ajax/libs/font-awesome/6.2.1/css/all.min.css]
[cash-clone.vercel.app/font/CashSans.ttf]
[cash-clone.vercel.app/subscription.html]
[cash-clone.vercel.app/authentication.html]
[cdnjs.cloudflare.com/ajax/libs/font-awesome/6.2.1/css/all.min.css]
[cash-clone.vercel.app/pay.html]
[cash-clone.vercel.app/subscription.html]
[cash-clone.vercel.app/home.html]
[cdnjs.cloudflare.com/ajax/libs/font-awesome/6.5.1/css/all.min.css]
[cash-clone.vercel.app/guard.js]
[cash-clone.vercel.app/profile.html]
[cash-clone.vercel.app/card.html]
[cash-clone.vercel.app/search.b.delayed]
[cash-clone.vercel.app/activty.html]
[cash-clone.vercel.app/contact-pay.html]
[cash-clone.vercel.app/pay.html]
[cash-clone.vercel.app/footer.display.js]
[cash-clone.vercel.app/saving.css]
[cash-clone.vercel.app/icons/green_spinner_thick.png]
[cash-clone.vercel.app/savings.html]
[cash-clone.vercel.app/icons/save.jpg]
[cash-clone.vercel.app/icons/bitcoin.jpg]
[cash-clone.vercel.app/icons/stocks.jpg]
[cash-clone.vercel.app/icons/person-circle-svgrepo-com.png]
[cash-clone.vercel.app/home.html]
[cdnjs.cloudflare.com/ajax/libs/font-awesome/6.5.1/css/all.min.css]
[cash-clone.vercel.app/saving.js]
[cash-clone.vercel.app/support.html]
[cash-clone.vercel.app/images/pi2_camera_button_disabled.png]
[cash-clone.vercel.app/profile.html]
[cash-clone.vercel.app/icons/Visa-logo-white.png]
[cash-clone.vercel.app/card.html]
[cash-clone.vercel.app/search.html]
[cash-clone.vercel.app/activty.html]
[cash-clone.vercel.app/icons/file_000000002e7c620a9c33e8cf24d4606c.png]
[cash-clone.vercel.app/icons/Cash_App-Logo.wine.png]
[cash-clone.vercel.app/icons/mastercard-2-logo-svgrepo-com.png]
[cash-clone.vercel.app/${editingContact.1d.delayed]
[cash-clone.vercel.app/contact-pay.html]
[cash-clone.vercel.app/saving.css]
[cash-clone.vercel.app/savings.html]
[cash-clone.vercel.app/support.html]
[cash-clone.vercel.app/${editingContact.html]
[cash-clone.vercel.app/payment-result.html]
[cash-clone.vercel.app/payment-result.html]
